-- Error: file not found File: 10
-- Error: file not found File: 10
-- Error: file not found File: 10
-- Error: file not found File: 10
-- Error: file not found File: 10
-- Error: file not found File: 10
-- Error: file not found File: 10
-- Error: file not found File: 10
-- Error: file not found File: 10
-- Error: file not found File: 10
-- Error: file not found File: 10
-- Error: file not found File: 10
-- Error: file not found File: 10
-- Error: file not found File: 10
-- Error: file not found File: 10
-- Error: file not found File: 10
-- Error: file not found File: 10
-- Error: file not found File: 10
-- Error: file not found File: 10
-- Error: file not found File: 10
-- Error: file not found File: 10
-- Error: file not found File: 10
-- Error: file not found File: 10
-- Error: file not found File: 10
-- Error: file not found File: 10
-- Error: file not found File: 10
-- Error: file not found File: 10
-- Error: file not found File: 10
-- Error: file not found File: 10
--------------------------------------------------------------------------
Primary job  terminated normally, but 1 process returned
a non-zero exit code. Per user-direction, the job has been aborted.
--------------------------------------------------------------------------
-- Error: file not found File: 10
-- Error: file not found File: 10
-- Error: file not found File: 10
-- Error: file not found File: 10
-- Error: file not found File: 10
-- Error: file not found File: 10
-- Error: file not found File: 10
-- Error: file not found File: 10
-- Error: file not found File: 10
-- Error: file not found File: 10
-- Error: file not found File: 10
-- Error: file not found File: 10
-- Error: file not found File: 10
-- Error: file not found File: 10
-- Error: file not found File: 10
-- Error: file not found File: 10
-- Error: file not found File: 10
-- Error: file not found File: 10
-- Error: file not found File: 10
--------------------------------------------------------------------------
mpirun detected that one or more processes exited with non-zero status, thus causing
the job to be terminated. The first process to do so was:

  Process name: [[61375,1],3]
  Exit code:    1
--------------------------------------------------------------------------
